Archive member included to satisfy reference by file (symbol)

c:/program files (x86)/atmel/studio/7.0/toolchain/avr8/avr8-gnu-toolchain/bin/../lib/gcc/avr/5.4.0/avr5\libgcc.a(_exit.o)
                              C:/Program Files (x86)/Atmel/Studio/7.0/Packs/atmel/ATmega_DFP/1.3.300/gcc/dev/atmega32u4/avr5/crtatmega32u4.o (exit)
c:/program files (x86)/atmel/studio/7.0/toolchain/avr8/avr8-gnu-toolchain/bin/../lib/gcc/avr/5.4.0/avr5\libgcc.a(_copy_data.o)
                              Joystick.o (__do_copy_data)
c:/program files (x86)/atmel/studio/7.0/toolchain/avr8/avr8-gnu-toolchain/bin/../lib/gcc/avr/5.4.0/avr5\libgcc.a(_clear_bss.o)
                              Joystick.o (__do_clear_bss)
c:/program files (x86)/atmel/studio/7.0/toolchain/avr8/avr8-gnu-toolchain/bin/../lib/gcc/avr/5.4.0/../../../../avr/lib/avr5\libc.a(memcpy_P.o)
                              src/LUFA/LUFA/Drivers/USB/Class/Device/RNDISClassDevice.o (memcpy_P)
c:/program files (x86)/atmel/studio/7.0/toolchain/avr8/avr8-gnu-toolchain/bin/../lib/gcc/avr/5.4.0/../../../../avr/lib/avr5\libc.a(strlen_P.o)
                              src/LUFA/LUFA/Drivers/USB/Class/Device/CDCClassDevice.o (__strlen_P)
c:/program files (x86)/atmel/studio/7.0/toolchain/avr8/avr8-gnu-toolchain/bin/../lib/gcc/avr/5.4.0/../../../../avr/lib/avr5\libc.a(memcmp.o)
                              src/LUFA/LUFA/Drivers/USB/Class/Device/HIDClassDevice.o (memcmp)
c:/program files (x86)/atmel/studio/7.0/toolchain/avr8/avr8-gnu-toolchain/bin/../lib/gcc/avr/5.4.0/../../../../avr/lib/avr5\libc.a(memcpy.o)
                              Joystick.o (memcpy)
c:/program files (x86)/atmel/studio/7.0/toolchain/avr8/avr8-gnu-toolchain/bin/../lib/gcc/avr/5.4.0/../../../../avr/lib/avr5\libc.a(memset.o)
                              src/LUFA/LUFA/Drivers/USB/Class/Device/HIDClassDevice.o (memset)
C:/Program Files (x86)/Atmel/Studio/7.0/Packs/atmel/ATmega_DFP/1.3.300/gcc/dev/atmega32u4/avr5\libatmega32u4.a(eerd_byte.o)
                              src/LUFA/LUFA/Drivers/USB/Core/AVR8/EndpointStream_AVR8.o (eeprom_read_byte)
C:/Program Files (x86)/Atmel/Studio/7.0/Packs/atmel/ATmega_DFP/1.3.300/gcc/dev/atmega32u4/avr5\libatmega32u4.a(eeupd_byte.o)
                              src/LUFA/LUFA/Drivers/USB/Core/AVR8/EndpointStream_AVR8.o (eeprom_update_byte)

Allocating common symbols
Common symbol       size              file

USB_IsInitialized   0x1               src/LUFA/LUFA/Drivers/USB/Core/USBTask.o
USB_DeviceState     0x1               src/LUFA/LUFA/Drivers/USB/Core/USBTask.o
USB_Device_ConfigurationNumber
                    0x1               src/LUFA/LUFA/Drivers/USB/Core/DeviceStandardReq.o
USB_Device_CurrentlySelfPowered
                    0x1               src/LUFA/LUFA/Drivers/USB/Core/DeviceStandardReq.o
USB_ControlRequest  0x8               src/LUFA/LUFA/Drivers/USB/Core/USBTask.o
maplebuf            0x281             Joystick.o
USB_Device_RemoteWakeupEnabled
                    0x1               src/LUFA/LUFA/Drivers/USB/Core/DeviceStandardReq.o

Discarded input sections

 .data          0x00000000        0x0 C:/Program Files (x86)/Atmel/Studio/7.0/Packs/atmel/ATmega_DFP/1.3.300/gcc/dev/atmega32u4/avr5/crtatmega32u4.o
 .bss           0x00000000        0x0 C:/Program Files (x86)/Atmel/Studio/7.0/Packs/atmel/ATmega_DFP/1.3.300/gcc/dev/atmega32u4/avr5/crtatmega32u4.o
 .group         0x00000000        0x8 Descriptors.o
 .group         0x00000000        0x8 Descriptors.o
 .group         0x00000000        0x8 Descriptors.o
 .group         0x00000000        0x8 Descriptors.o
 .group         0x00000000        0x8 Descriptors.o
 .group         0x00000000        0x8 Descriptors.o
 .group         0x00000000        0x8 Descriptors.o
 .group         0x00000000        0x8 Descriptors.o
 .group         0x00000000        0x8 Descriptors.o
 .group         0x00000000        0x8 Descriptors.o
 .group         0x00000000        0x8 Descriptors.o
 .group         0x00000000        0x8 Descriptors.o
 .group         0x00000000        0x8 Descriptors.o
 .group         0x00000000        0x8 Descriptors.o
 .group         0x00000000        0x8 Descriptors.o
 .group         0x00000000        0x8 Descriptors.o
 .group         0x00000000        0x8 Descriptors.o
 .group         0x00000000        0x8 Descriptors.o
 .group         0x00000000        0x8 Descriptors.o
 .group         0x00000000        0x8 Descriptors.o
 .group         0x00000000        0x8 Descriptors.o
 .group         0x00000000        0x8 Descriptors.o
 .group         0x00000000        0x8 Descriptors.o
 .group         0x00000000        0x8 Descriptors.o
 .group         0x00000000        0x8 Descriptors.o
 .group         0x00000000        0x8 Descriptors.o
 .group         0x00000000        0x8 Descriptors.o
 .group         0x00000000        0x8 Descriptors.o
 .group         0x00000000        0x8 Descriptors.o
 .group         0x00000000        0x8 Descriptors.o
 .group         0x00000000        0x8 Descriptors.o
[...]
Memory Configuration

Name             Origin             Length             Attributes
text             0x00000000         0x00020000         xr
data             0x00800060         0x0000ffa0         rw !x
eeprom           0x00810000         0x00010000         rw !x
fuse             0x00820000         0x00000003         rw !x
lock             0x00830000         0x00000400         rw !x
signature        0x00840000         0x00000400         rw !x
user_signatures  0x00850000         0x00000400         rw !x
*default*        0x00000000         0xffffffff

Linker script and memory map

Address of section .data set to 0x800100
LOAD C:/Program Files (x86)/Atmel/Studio/7.0/Packs/atmel/ATmega_DFP/1.3.300/gcc/dev/atmega32u4/avr5/crtatmega32u4.o
LOAD Descriptors.o
LOAD Joystick.o
LOAD src/LUFA/LUFA/Drivers/USB/Class/Common/HIDParser.o
LOAD src/LUFA/LUFA/Drivers/USB/Class/Device/AudioClassDevice.o
LOAD src/LUFA/LUFA/Drivers/USB/Class/Device/CDCClassDevice.o
LOAD src/LUFA/LUFA/Drivers/USB/Class/Device/HIDClassDevice.o
LOAD src/LUFA/LUFA/Drivers/USB/Class/Device/MassStorageClassDevice.o
LOAD src/LUFA/LUFA/Drivers/USB/Class/Device/MIDIClassDevice.o
LOAD src/LUFA/LUFA/Drivers/USB/Class/Device/PrinterClassDevice.o
LOAD src/LUFA/LUFA/Drivers/USB/Class/Device/RNDISClassDevice.o
LOAD src/LUFA/LUFA/Drivers/USB/Class/Host/AndroidAccessoryClassHost.o
LOAD src/LUFA/LUFA/Drivers/USB/Class/Host/AudioClassHost.o
LOAD src/LUFA/LUFA/Drivers/USB/Class/Host/CDCClassHost.o
LOAD src/LUFA/LUFA/Drivers/USB/Class/Host/HIDClassHost.o
LOAD src/LUFA/LUFA/Drivers/USB/Class/Host/MassStorageClassHost.o
LOAD src/LUFA/LUFA/Drivers/USB/Class/Host/MIDIClassHost.o
LOAD src/LUFA/LUFA/Drivers/USB/Class/Host/PrinterClassHost.o
LOAD src/LUFA/LUFA/Drivers/USB/Class/Host/RNDISClassHost.o
LOAD src/LUFA/LUFA/Drivers/USB/Class/Host/StillImageClassHost.o
LOAD src/LUFA/LUFA/Drivers/USB/Core/AVR8/Device_AVR8.o
LOAD src/LUFA/LUFA/Drivers/USB/Core/AVR8/EndpointStream_AVR8.o
LOAD src/LUFA/LUFA/Drivers/USB/Core/AVR8/Endpoint_AVR8.o
LOAD src/LUFA/LUFA/Drivers/USB/Core/AVR8/Host_AVR8.o
LOAD src/LUFA/LUFA/Drivers/USB/Core/AVR8/PipeStream_AVR8.o
LOAD src/LUFA/LUFA/Drivers/USB/Core/AVR8/Pipe_AVR8.o
LOAD src/LUFA/LUFA/Drivers/USB/Core/AVR8/Template/Template_Endpoint_Control_R.o
LOAD src/LUFA/LUFA/Drivers/USB/Core/AVR8/Template/Template_Endpoint_Control_W.o
LOAD src/LUFA/LUFA/Drivers/USB/Core/AVR8/Template/Template_Endpoint_RW.o
LOAD src/LUFA/LUFA/Drivers/USB/Core/AVR8/Template/Template_Pipe_RW.o
LOAD src/LUFA/LUFA/Drivers/USB/Core/AVR8/USBController_AVR8.o
LOAD src/LUFA/LUFA/Drivers/USB/Core/AVR8/USBInterrupt_AVR8.o
LOAD src/LUFA/LUFA/Drivers/USB/Core/ConfigDescriptors.o
LOAD src/LUFA/LUFA/Drivers/USB/Core/DeviceStandardReq.o
LOAD src/LUFA/LUFA/Drivers/USB/Core/Events.o
LOAD src/LUFA/LUFA/Drivers/USB/Core/HostStandardReq.o
LOAD src/LUFA/LUFA/Drivers/USB/Core/USBTask.o
START GROUP
LOAD c:/program files (x86)/atmel/studio/7.0/toolchain/avr8/avr8-gnu-toolchain/bin/../lib/gcc/avr/5.4.0/../../../../avr/lib/avr5\libm.a
END GROUP
START GROUP
LOAD c:/program files (x86)/atmel/studio/7.0/toolchain/avr8/avr8-gnu-toolchain/bin/../lib/gcc/avr/5.4.0/avr5\libgcc.a
LOAD c:/program files (x86)/atmel/studio/7.0/toolchain/avr8/avr8-gnu-toolchain/bin/../lib/gcc/avr/5.4.0/../../../../avr/lib/avr5\libm.a
LOAD c:/program files (x86)/atmel/studio/7.0/toolchain/avr8/avr8-gnu-toolchain/bin/../lib/gcc/avr/5.4.0/../../../../avr/lib/avr5\libc.a
LOAD C:/Program Files (x86)/Atmel/Studio/7.0/Packs/atmel/ATmega_DFP/1.3.300/gcc/dev/atmega32u4/avr5\libatmega32u4.a
END GROUP
                0x00000000                __TEXT_REGION_ORIGIN__ = DEFINED (__TEXT_REGION_ORIGIN__)?__TEXT_REGION_ORIGIN__:0x0
                0x00800060                __DATA_REGION_ORIGIN__ = DEFINED (__DATA_REGION_ORIGIN__)?__DATA_REGION_ORIGIN__:0x800060
                0x00020000                __TEXT_REGION_LENGTH__ = DEFINED (__TEXT_REGION_LENGTH__)?__TEXT_REGION_LENGTH__:0x20000
                0x0000ffa0                __DATA_REGION_LENGTH__ = DEFINED (__DATA_REGION_LENGTH__)?__DATA_REGION_LENGTH__:0xffa0
                0x00010000                __EEPROM_REGION_LENGTH__ = DEFINED (__EEPROM_REGION_LENGTH__)?__EEPROM_REGION_LENGTH__:0x10000
                [0x00000003]                __FUSE_REGION_LENGTH__ = DEFINED (__FUSE_REGION_LENGTH__)?__FUSE_REGION_LENGTH__:0x400
                0x00000400                __LOCK_REGION_LENGTH__ = DEFINED (__LOCK_REGION_LENGTH__)?__LOCK_REGION_LENGTH__:0x400
                0x00000400                __SIGNATURE_REGION_LENGTH__ = DEFINED (__SIGNATURE_REGION_LENGTH__)?__SIGNATURE_REGION_LENGTH__:0x400
                0x00000400                __USER_SIGNATURE_REGION_LENGTH__ = DEFINED (__USER_SIGNATURE_REGION_LENGTH__)?__USER_SIGNATURE_REGION_LENGTH__:0x400

.hash
 *(.hash)

.dynsym
 *(.dynsym)

.dynstr
 *(.dynstr)

.gnu.version
 *(.gnu.version)

.gnu.version_d
 *(.gnu.version_d)

.gnu.version_r
 *(.gnu.version_r)

.rel.init
 *(.rel.init)

.rela.init
 *(.rela.init)

.rel.text
 *(.rel.text)
 *(.rel.text.*)
 *(.rel.gnu.linkonce.t*)

.rela.text
 *(.rela.text)
 *(.rela.text.*)
 *(.rela.gnu.linkonce.t*)

.rel.fini
 *(.rel.fini)

.rela.fini
 *(.rela.fini)

.rel.rodata
 *(.rel.rodata)
 *(.rel.rodata.*)
 *(.rel.gnu.linkonce.r*)

.rela.rodata
 *(.rela.rodata)
 *(.rela.rodata.*)
 *(.rela.gnu.linkonce.r*)

.rel.data
 *(.rel.data)
 *(.rel.data.*)
 *(.rel.gnu.linkonce.d*)

.rela.data
 *(.rela.data)
 *(.rela.data.*)
 *(.rela.gnu.linkonce.d*)

.rel.ctors
 *(.rel.ctors)

.rela.ctors
 *(.rela.ctors)

.rel.dtors
 *(.rel.dtors)

.rela.dtors
 *(.rela.dtors)

.rel.got
 *(.rel.got)

.rela.got
 *(.rela.got)

.rel.bss
 *(.rel.bss)

.rela.bss
 *(.rela.bss)

.rel.plt
 *(.rel.plt)

.rela.plt
 *(.rela.plt)

.text           0x00000000     0x2888
 *(.vectors)
 .vectors       0x00000000       0xac C:/Program Files (x86)/Atmel/Studio/7.0/Packs/atmel/ATmega_DFP/1.3.300/gcc/dev/atmega32u4/avr5/crtatmega32u4.o
                0x00000000                __vector_default
                0x00000000                __vectors
 *(.vectors)
 *(.progmem.gcc*)
                0x000000ac                . = ALIGN (0x2)
                0x000000ac                __trampolines_start = .
 *(.trampolines)
 .trampolines   0x000000ac        0x0 linker stubs
 *(.trampolines*)
                0x000000ac                __trampolines_end = .
 *libprintf_flt.a:*(.progmem.data)
 *libc.a:*(.progmem.data)
 *(.progmem*)
 .progmem.data.ProductString
                0x000000ac       0x2c Descriptors.o
                0x000000ac                ProductString
 .progmem.data.ManufacturerString
                0x000000d8       0x32 Descriptors.o
                0x000000d8                ManufacturerString
 .progmem.data.LanguageString
                0x0000010a        0x4 Descriptors.o
                0x0000010a                LanguageString
 .progmem.data.ConfigurationDescriptor
                0x0000010e       0x22 Descriptors.o
                0x0000010e                ConfigurationDescriptor
 .progmem.data.DeviceDescriptor
                0x00000130       0x12 Descriptors.o
                0x00000130                DeviceDescriptor
 .progmem.data.JoystickReport
                0x00000142       0x55 Descriptors.o
                0x00000142                JoystickReport
 .progmem.data.lcd_data_swallowtail
                0x00000197       0xc8 Joystick.o
                0x00000197                lcd_data_swallowtail
 .progmem.data.lcd_data_boosto
                0x0000025f       0xc8 Joystick.o
                0x0000025f                lcd_data_boosto
                0x00000328                . = ALIGN (0x2)
 *fill*         0x00000327        0x1 
 *(.jumptables)
 *(.jumptables*)
 *(.lowtext)
 *(.lowtext*)
                0x00000328                __ctors_start = .
 *(.ctors)
                0x00000328                __ctors_end = .
                0x00000328                __dtors_start = .
 *(.dtors)
                0x00000328                __dtors_end = .
 SORT(*)(.ctors)
 SORT(*)(.dtors)
 *(.init0)
 .init0         0x00000328        0x0 C:/Program Files (x86)/Atmel/Studio/7.0/Packs/atmel/ATmega_DFP/1.3.300/gcc/dev/atmega32u4/avr5/crtatmega32u4.o
                0x00000328                __init
 *(.init0)
 *(.init1)
 *(.init1)
 *(.init2)
 .init2         0x00000328        0xc C:/Program Files (x86)/Atmel/Studio/7.0/Packs/atmel/ATmega_DFP/1.3.300/gcc/dev/atmega32u4/avr5/crtatmega32u4.o
 *(.init2)
 *(.init3)
 *(.init3)
 *(.init4)
 .init4         0x00000334       0x16 c:/program files (x86)/atmel/studio/7.0/toolchain/avr8/avr8-gnu-toolchain/bin/../lib/gcc/avr/5.4.0/avr5\libgcc.a(_copy_data.o)
                0x00000334                __do_copy_data
 .init4         0x0000034a       0x10 c:/program files (x86)/atmel/studio/7.0/toolchain/avr8/avr8-gnu-toolchain/bin/../lib/gcc/avr/5.4.0/avr5\libgcc.a(_clear_bss.o)
                0x0000034a                __do_clear_bss
 *(.init4)
 *(.init5)
 *(.init5)
 *(.init6)
 *(.init6)
 *(.init7)
 *(.init7)
 *(.init8)
 *(.init8)
 *(.init9)
 .init9         0x0000035a        0x8 C:/Program Files (x86)/Atmel/Studio/7.0/Packs/atmel/ATmega_DFP/1.3.300/gcc/dev/atmega32u4/avr5/crtatmega32u4.o
 *(.init9)
 *(.text)
 .text          0x00000362        0x2 C:/Program Files (x86)/Atmel/Studio/7.0/Packs/atmel/ATmega_DFP/1.3.300/gcc/dev/atmega32u4/avr5/crtatmega32u4.o
                0x00000362                __vector_38
                0x00000362                __vector_22
                0x00000362                __vector_28
                0x00000362                __vector_1
                0x00000362                __vector_32
                0x00000362                __vector_34
                0x00000362                __vector_24
                0x00000362                __vector_12
                0x00000362                __bad_interrupt
                0x00000362                __vector_6
                0x00000362                __vector_31
                0x00000362                __vector_35
                0x00000362                __vector_39
                0x00000362                __vector_3
                0x00000362                __vector_23
                0x00000362                __vector_30
                0x00000362                __vector_25
                0x00000362                __vector_11
                0x00000362                __vector_13
                0x00000362                __vector_17
                0x00000362                __vector_19
                0x00000362                __vector_7
                0x00000362                __vector_41
                0x00000362                __vector_27
                0x00000362                __vector_5
                0x00000362                __vector_33
                0x00000362                __vector_37
                0x00000362                __vector_4
                0x00000362                __vector_9
                0x00000362                __vector_2
                0x00000362                __vector_21
                0x00000362                __vector_15
                0x00000362                __vector_36
                0x00000362                __vector_29
                0x00000362                __vector_40
                0x00000362                __vector_8
                0x00000362                __vector_26
                0x00000362                __vector_14
                0x00000362                __vector_16
                0x00000362                __vector_18
                0x00000362                __vector_20
                0x00000362                __vector_42
                0x00000364                . = ALIGN (0x2)
 *(.text.*)
 .text.CALLBACK_USB_GetDescriptor
                0x00000364       0x9e Descriptors.o
                0x00000364                CALLBACK_USB_GetDescriptor
 .text.maple_sendByte
                0x00000402       0xe4 Joystick.o
 .text.maple_init
                0x000004e6        0xa Joystick.o
                0x000004e6                maple_init
 .text.maple_receiveFrame
                0x000004f0      0xb90 Joystick.o
                0x000004f0                maple_receiveFrame
 .text.maple_sendRaw_P
                0x00001080      0x170 Joystick.o
                0x00001080                maple_sendRaw_P
 .text.maple_sendRaw
                0x000011f0      0x18c Joystick.o
                0x000011f0                maple_sendRaw
 .text.maple_sendFrame_P
                0x0000137c       0x3e Joystick.o
                0x0000137c                maple_sendFrame_P
 .text.maple_sendFrame
                0x000013ba       0xd6 Joystick.o
                0x000013ba                maple_sendFrame
 .text.maple_sendFrame1W
                0x00001490       0x36 Joystick.o
                0x00001490                maple_sendFrame1W
 .text.Dreamcast_VMS_LCD_Write
                0x000014c6       0x5c Joystick.o
                0x000014c6                Dreamcast_VMS_LCD_Write
 .text.Joystick_GetStatus
                0x00001522      0x234 Joystick.o
                0x00001522                Joystick_GetStatus
 .text.SetupHardware
                0x00001756       0x36 Joystick.o
                0x00001756                SetupHardware
 .text.main     0x0000178c       0x10 Joystick.o
                0x0000178c                main
 .text.EVENT_USB_Device_Connect
                0x0000179c        0x2 Joystick.o
                0x0000179c                EVENT_USB_Device_Connect
 .text.EVENT_USB_Device_Disconnect
                0x0000179e        0x2 Joystick.o
                0x0000179e                EVENT_USB_Device_Disconnect
 .text.EVENT_USB_Device_ConfigurationChanged
                0x000017a0       0x12 Joystick.o
                0x000017a0                EVENT_USB_Device_ConfigurationChanged
 .text.EVENT_USB_Device_ControlRequest
                0x000017b2        0x8 Joystick.o
                0x000017b2                EVENT_USB_Device_ControlRequest
 .text.EVENT_USB_Device_StartOfFrame
                0x000017ba       0x18 Joystick.o
                0x000017ba                EVENT_USB_Device_StartOfFrame
 .text.CALLBACK_HID_Device_CreateHIDReport
                0x000017d2       0xe8 Joystick.o
                0x000017d2                CALLBACK_HID_Device_CreateHIDReport
 .text.CALLBACK_HID_Device_ProcessHIDReport
                0x000018ba        0x2 Joystick.o
                0x000018ba                CALLBACK_HID_Device_ProcessHIDReport
 .text.HID_Device_ProcessControlRequest
                0x000018bc      0x292 src/LUFA/LUFA/Drivers/USB/Class/Device/HIDClassDevice.o
                0x000018bc                HID_Device_ProcessControlRequest
 .text.HID_Device_ConfigureEndpoints
                0x00001b4e       0x28 src/LUFA/LUFA/Drivers/USB/Class/Device/HIDClassDevice.o
                0x00001b4e                HID_Device_ConfigureEndpoints
 .text.HID_Device_USBTask
                0x00001b76      0x17a src/LUFA/LUFA/Drivers/USB/Class/Device/HIDClassDevice.o
                0x00001b76                HID_Device_USBTask
 .text.Endpoint_Write_Stream_LE
                0x00001cf0       0xba src/LUFA/LUFA/Drivers/USB/Core/AVR8/EndpointStream_AVR8.o
                0x00001cf0                Endpoint_Write_Stream_LE
 .text.Endpoint_Write_Control_Stream_LE
                0x00001daa      0x108 src/LUFA/LUFA/Drivers/USB/Core/AVR8/EndpointStream_AVR8.o
                0x00001daa                Endpoint_Write_Control_Stream_LE
 .text.Endpoint_Read_Control_Stream_LE
                0x00001eb2       0xf4 src/LUFA/LUFA/Drivers/USB/Core/AVR8/EndpointStream_AVR8.o
                0x00001eb2                Endpoint_Read_Control_Stream_LE
 .text.Endpoint_Write_Control_PStream_LE
                0x00001fa6      0x10a src/LUFA/LUFA/Drivers/USB/Core/AVR8/EndpointStream_AVR8.o
                0x00001fa6                Endpoint_Write_Control_PStream_LE
 .text.Endpoint_ConfigureEndpoint_Prv
                0x000020b0       0xcc src/LUFA/LUFA/Drivers/USB/Core/AVR8/Endpoint_AVR8.o
                0x000020b0                Endpoint_ConfigureEndpoint_Prv
 .text.Endpoint_ConfigureEndpointTable
                0x0000217c       0x9e src/LUFA/LUFA/Drivers/USB/Core/AVR8/Endpoint_AVR8.o
                0x0000217c                Endpoint_ConfigureEndpointTable
 .text.Endpoint_ClearStatusStage
                0x0000221a       0x48 src/LUFA/LUFA/Drivers/USB/Core/AVR8/Endpoint_AVR8.o
                0x0000221a                Endpoint_ClearStatusStage
 .text.Endpoint_WaitUntilReady
                0x00002262       0x82 src/LUFA/LUFA/Drivers/USB/Core/AVR8/Endpoint_AVR8.o
                0x00002262                Endpoint_WaitUntilReady
 .text.USB_ResetInterface
                0x000022e4       0x80 src/LUFA/LUFA/Drivers/USB/Core/AVR8/USBController_AVR8.o
                0x000022e4                USB_ResetInterface
 .text.USB_Init
                0x00002364       0x22 src/LUFA/LUFA/Drivers/USB/Core/AVR8/USBController_AVR8.o
                0x00002364                USB_Init
 .text.USB_INT_DisableAllInterrupts
                0x00002386       0x10 src/LUFA/LUFA/Drivers/USB/Core/AVR8/USBInterrupt_AVR8.o
                0x00002386                USB_INT_DisableAllInterrupts
 .text.USB_INT_ClearAllInterrupts
                0x00002396        0xa src/LUFA/LUFA/Drivers/USB/Core/AVR8/USBInterrupt_AVR8.o
                0x00002396                USB_INT_ClearAllInterrupts
 .text.__vector_10
                0x000023a0      0x180 src/LUFA/LUFA/Drivers/USB/Core/AVR8/USBInterrupt_AVR8.o
                0x000023a0                __vector_10
 .text.USB_Device_ProcessControlRequest
                0x00002520      0x2f4 src/LUFA/LUFA/Drivers/USB/Core/DeviceStandardReq.o
                0x00002520                USB_Device_ProcessControlRequest
 .text.USB_Event_Stub
                0x00002814        0x2 src/LUFA/LUFA/Drivers/USB/Core/Events.o
                0x00002814                USB_Event_Stub
                0x00002814                EVENT_USB_Device_Suspend
                0x00002814                EVENT_USB_Device_Reset
                0x00002814                EVENT_USB_Device_WakeUp
 .text.USB_USBTask
                0x00002816       0x34 src/LUFA/LUFA/Drivers/USB/Core/USBTask.o
                0x00002816                USB_USBTask
 .text.avr-libc
                0x0000284a       0x1a c:/program files (x86)/atmel/studio/7.0/toolchain/avr8/avr8-gnu-toolchain/bin/../lib/gcc/avr/5.4.0/../../../../avr/lib/avr5\libc.a(memcmp.o)
                0x0000284a                memcmp
 .text.avr-libc
                0x00002864       0x12 c:/program files (x86)/atmel/studio/7.0/toolchain/avr8/avr8-gnu-toolchain/bin/../lib/gcc/avr/5.4.0/../../../../avr/lib/avr5\libc.a(memcpy.o)
                0x00002864                memcpy
 .text.avr-libc
                0x00002876        0xe c:/program files (x86)/atmel/studio/7.0/toolchain/avr8/avr8-gnu-toolchain/bin/../lib/gcc/avr/5.4.0/../../../../avr/lib/avr5\libc.a(memset.o)
                0x00002876                memset
                0x00002884                . = ALIGN (0x2)
 *(.fini9)
 .fini9         0x00002884        0x0 c:/program files (x86)/atmel/studio/7.0/toolchain/avr8/avr8-gnu-toolchain/bin/../lib/gcc/avr/5.4.0/avr5\libgcc.a(_exit.o)
                0x00002884                _exit
                0x00002884                exit
 *(.fini9)
 *(.fini8)
 *(.fini8)
 *(.fini7)
 *(.fini7)
 *(.fini6)
 *(.fini6)
 *(.fini5)
 *(.fini5)
 *(.fini4)
 *(.fini4)
 *(.fini3)
 *(.fini3)
 *(.fini2)
 *(.fini2)
 *(.fini1)
 *(.fini1)
 *(.fini0)
 .fini0         0x00002884        0x4 c:/program files (x86)/atmel/studio/7.0/toolchain/avr8/avr8-gnu-toolchain/bin/../lib/gcc/avr/5.4.0/avr5\libgcc.a(_exit.o)
 *(.fini0)
                0x00002888                _etext = .

.data           0x00800100       0x10 load address 0x00002888
                0x00800100                PROVIDE (__data_start, .)
 *(.data)
 *(.data*)
 .data.Joystick_HID_Interface
                0x00800100       0x10 Joystick.o
                0x00800100                Joystick_HID_Interface
 *(.gnu.linkonce.d*)
 *(.rodata)
 *(.rodata*)
 *(.gnu.linkonce.r*)
                0x00800110                . = ALIGN (0x2)
                0x00800110                _edata = .
                0x00800110                PROVIDE (__data_end, .)

.bss            0x00800110      0x2a4
                0x00800110                PROVIDE (__bss_start, .)
 *(.bss)
 *(.bss*)
 .bss.controller.4522
                0x00800110        0x8 Joystick.o
 .bss.err_count.4411
                0x00800118        0x1 Joystick.o
 .bss.lcd_detect_count.4413
                0x00800119        0x2 Joystick.o
 .bss.success.4410
                0x0080011b        0x1 Joystick.o
 .bss.PrevJoystickHIDReportBuffer
                0x0080011c        0x6 Joystick.o
 .bss.lcd_addr  0x00800122        0x1 Joystick.o
 .bss.state     0x00800123        0x1 Joystick.o
 .bss.buf_phase
                0x00800124        0x1 Joystick.o
 .bss.buf_used  0x00800125        0x1 Joystick.o
 *(COMMON)
 COMMON         0x00800126      0x281 Joystick.o
                0x00800126                maplebuf
 COMMON         0x008003a7        0x3 src/LUFA/LUFA/Drivers/USB/Core/DeviceStandardReq.o
                0x008003a7                USB_Device_ConfigurationNumber
                0x008003a8                USB_Device_CurrentlySelfPowered
                0x008003a9                USB_Device_RemoteWakeupEnabled
 COMMON         0x008003aa        0xa src/LUFA/LUFA/Drivers/USB/Core/USBTask.o
                0x008003aa                USB_IsInitialized
                0x008003ab                USB_DeviceState
                0x008003ac                USB_ControlRequest
                0x008003b4                PROVIDE (__bss_end, .)
                0x00002888                __data_load_start = LOADADDR (.data)
                0x00002898                __data_load_end = (__data_load_start + SIZEOF (.data))

.noinit         0x008003b4        0x0
                [!provide]                PROVIDE (__noinit_start, .)
 *(.noinit*)
                [!provide]                PROVIDE (__noinit_end, .)
                0x008003b4                _end = .
                [!provide]                PROVIDE (__heap_start, .)

.eeprom         0x00810000        0x0
 *(.eeprom*)
                0x00810000                __eeprom_end = .

.fuse
 *(.fuse)
 *(.lfuse)
 *(.hfuse)
 *(.efuse)

.lock
 *(.lock*)

.signature
 *(.signature*)

.user_signatures
 *(.user_signatures*)

.stab
 *(.stab)

.stabstr
 *(.stabstr)

.stab.excl
 *(.stab.excl)

.stab.exclstr
 *(.stab.exclstr)

.stab.index
 *(.stab.index)

.stab.indexstr
 *(.stab.indexstr)

.comment        0x00000000       0x30
 *(.comment)
 .comment       0x00000000       0x30 Descriptors.o
                                 0x31 (size before relaxing)
 .comment       0x00000030       0x31 Joystick.o
 .comment       0x00000030       0x31 src/LUFA/LUFA/Drivers/USB/Class/Device/HIDClassDevice.o
 .comment       0x00000030       0x31 src/LUFA/LUFA/Drivers/USB/Core/AVR8/EndpointStream_AVR8.o
 .comment       0x00000030       0x31 src/LUFA/LUFA/Drivers/USB/Core/AVR8/Endpoint_AVR8.o
 .comment       0x00000030       0x31 src/LUFA/LUFA/Drivers/USB/Core/AVR8/USBController_AVR8.o
 .comment       0x00000030       0x31 src/LUFA/LUFA/Drivers/USB/Core/AVR8/USBInterrupt_AVR8.o
 .comment       0x00000030       0x31 src/LUFA/LUFA/Drivers/USB/Core/DeviceStandardReq.o
 .comment       0x00000030       0x31 src/LUFA/LUFA/Drivers/USB/Core/Events.o
 .comment       0x00000030       0x31 src/LUFA/LUFA/Drivers/USB/Core/USBTask.o

.note.gnu.avr.deviceinfo
                0x00000000       0x40
 .note.gnu.avr.deviceinfo
                0x00000000       0x40 C:/Program Files (x86)/Atmel/Studio/7.0/Packs/atmel/ATmega_DFP/1.3.300/gcc/dev/atmega32u4/avr5/crtatmega32u4.o

.note.gnu.build-id
 *(.note.gnu.build-id)

.debug
 *(.debug)

.line
 *(.line)

.debug_srcinfo
 *(.debug_srcinfo)

.debug_sfnames
 *(.debug_sfnames)

.debug_aranges  0x00000000      0x2d0
 *(.debug_aranges)
 .debug_aranges
                0x00000000       0x20 Descriptors.o
 .debug_aranges
                0x00000020       0xb8 Joystick.o
 .debug_aranges
                0x000000d8       0x30 src/LUFA/LUFA/Drivers/USB/Class/Device/HIDClassDevice.o
 .debug_aranges
                0x00000108       0xc8 src/LUFA/LUFA/Drivers/USB/Core/AVR8/EndpointStream_AVR8.o
 .debug_aranges
                0x000001d0       0x40 src/LUFA/LUFA/Drivers/USB/Core/AVR8/Endpoint_AVR8.o
 .debug_aranges
                0x00000210       0x30 src/LUFA/LUFA/Drivers/USB/Core/AVR8/USBController_AVR8.o
 .debug_aranges
                0x00000240       0x30 src/LUFA/LUFA/Drivers/USB/Core/AVR8/USBInterrupt_AVR8.o
 .debug_aranges
                0x00000270       0x20 src/LUFA/LUFA/Drivers/USB/Core/DeviceStandardReq.o
 .debug_aranges
                0x00000290       0x20 src/LUFA/LUFA/Drivers/USB/Core/Events.o
 .debug_aranges
                0x000002b0       0x20 src/LUFA/LUFA/Drivers/USB/Core/USBTask.o

.debug_pubnames
 *(.debug_pubnames)

.debug_info     0x00000000     0x6b4c
 *(.debug_info .gnu.linkonce.wi.*)
 .debug_info    0x00000000      0x9f4 C:/Program Files (x86)/Atmel/Studio/7.0/Packs/atmel/ATmega_DFP/1.3.300/gcc/dev/atmega32u4/avr5/crtatmega32u4.o
 .debug_info    0x000009f4      0x710 Descriptors.o
 .debug_info    0x00001104     0x19dd Joystick.o
 .debug_info    0x00002ae1      0x94b src/LUFA/LUFA/Drivers/USB/Class/Device/HIDClassDevice.o
 .debug_info    0x0000342c     0x181c src/LUFA/LUFA/Drivers/USB/Core/AVR8/EndpointStream_AVR8.o
 .debug_info    0x00004c48      0x61c src/LUFA/LUFA/Drivers/USB/Core/AVR8/Endpoint_AVR8.o
 .debug_info    0x00005264      0x4ea src/LUFA/LUFA/Drivers/USB/Core/AVR8/USBController_AVR8.o
 .debug_info    0x0000574e      0x68b src/LUFA/LUFA/Drivers/USB/Core/AVR8/USBInterrupt_AVR8.o
 .debug_info    0x00005dd9      0xa81 src/LUFA/LUFA/Drivers/USB/Core/DeviceStandardReq.o
 .debug_info    0x0000685a       0x7c src/LUFA/LUFA/Drivers/USB/Core/Events.o
 .debug_info    0x000068d6      0x276 src/LUFA/LUFA/Drivers/USB/Core/USBTask.o

.debug_abbrev   0x00000000     0x1d37
 *(.debug_abbrev)
 .debug_abbrev  0x00000000      0x96a C:/Program Files (x86)/Atmel/Studio/7.0/Packs/atmel/ATmega_DFP/1.3.300/gcc/dev/atmega32u4/avr5/crtatmega32u4.o
 .debug_abbrev  0x0000096a      0x16d Descriptors.o
 .debug_abbrev  0x00000ad7      0x485 Joystick.o
 .debug_abbrev  0x00000f5c      0x216 src/LUFA/LUFA/Drivers/USB/Class/Device/HIDClassDevice.o
 .debug_abbrev  0x00001172      0x1ed src/LUFA/LUFA/Drivers/USB/Core/AVR8/EndpointStream_AVR8.o
 .debug_abbrev  0x0000135f      0x236 src/LUFA/LUFA/Drivers/USB/Core/AVR8/Endpoint_AVR8.o
 .debug_abbrev  0x00001595      0x186 src/LUFA/LUFA/Drivers/USB/Core/AVR8/USBController_AVR8.o
 .debug_abbrev  0x0000171b      0x1b7 src/LUFA/LUFA/Drivers/USB/Core/AVR8/USBInterrupt_AVR8.o
 .debug_abbrev  0x000018d2      0x2b0 src/LUFA/LUFA/Drivers/USB/Core/DeviceStandardReq.o
 .debug_abbrev  0x00001b82       0x47 src/LUFA/LUFA/Drivers/USB/Core/Events.o
 .debug_abbrev  0x00001bc9      0x16e src/LUFA/LUFA/Drivers/USB/Core/USBTask.o

.debug_line     0x00000000     0x8dc4
 *(.debug_line .debug_line.* .debug_line_end)
 .debug_line    0x00000000      0x199 C:/Program Files (x86)/Atmel/Studio/7.0/Packs/atmel/ATmega_DFP/1.3.300/gcc/dev/atmega32u4/avr5/crtatmega32u4.o
 .debug_line    0x00000199      0xcea Descriptors.o
 .debug_line    0x00000e83     0x1842 Joystick.o
 .debug_line    0x000026c5     0x111a src/LUFA/LUFA/Drivers/USB/Class/Device/HIDClassDevice.o
 .debug_line    0x000037df     0x1ea4 src/LUFA/LUFA/Drivers/USB/Core/AVR8/EndpointStream_AVR8.o
 .debug_line    0x00005683      0xc5e src/LUFA/LUFA/Drivers/USB/Core/AVR8/Endpoint_AVR8.o
 .debug_line    0x000062e1      0x8d2 src/LUFA/LUFA/Drivers/USB/Core/AVR8/USBController_AVR8.o
 .debug_line    0x00006bb3      0xafc src/LUFA/LUFA/Drivers/USB/Core/AVR8/USBInterrupt_AVR8.o
 .debug_line    0x000076af      0xaa1 src/LUFA/LUFA/Drivers/USB/Core/DeviceStandardReq.o
 .debug_line    0x00008150      0x47a src/LUFA/LUFA/Drivers/USB/Core/Events.o
 .debug_line    0x000085ca      0x7fa src/LUFA/LUFA/Drivers/USB/Core/USBTask.o

.debug_frame    0x00000000      0xc28
 *(.debug_frame)
 .debug_frame   0x00000000       0x24 Descriptors.o
 .debug_frame   0x00000024      0x2a8 Joystick.o
 .debug_frame   0x000002cc       0xf4 src/LUFA/LUFA/Drivers/USB/Class/Device/HIDClassDevice.o
 .debug_frame   0x000003c0      0x618 src/LUFA/LUFA/Drivers/USB/Core/AVR8/EndpointStream_AVR8.o
 .debug_frame   0x000009d8       0xdc src/LUFA/LUFA/Drivers/USB/Core/AVR8/Endpoint_AVR8.o
 .debug_frame   0x00000ab4       0x58 src/LUFA/LUFA/Drivers/USB/Core/AVR8/USBController_AVR8.o
 .debug_frame   0x00000b0c       0x8c src/LUFA/LUFA/Drivers/USB/Core/AVR8/USBInterrupt_AVR8.o
 .debug_frame   0x00000b98       0x40 src/LUFA/LUFA/Drivers/USB/Core/DeviceStandardReq.o
 .debug_frame   0x00000bd8       0x24 src/LUFA/LUFA/Drivers/USB/Core/Events.o
 .debug_frame   0x00000bfc       0x2c src/LUFA/LUFA/Drivers/USB/Core/USBTask.o

.debug_str      0x00000000    0x1815c
 *(.debug_str)
 .debug_str     0x00000000      0x371 C:/Program Files (x86)/Atmel/Studio/7.0/Packs/atmel/ATmega_DFP/1.3.300/gcc/dev/atmega32u4/avr5/crtatmega32u4.o
 .debug_str     0x00000371    0x150f6 Descriptors.o
                              0x153c2 (size before relaxing)
 .debug_str     0x00015467     0x14a9 Joystick.o
                              0x16183 (size before relaxing)
 .debug_str     0x00016910      0x392 src/LUFA/LUFA/Drivers/USB/Class/Device/HIDClassDevice.o
                              0x1519e (size before relaxing)
 .debug_str     0x00016ca2      0x9ed src/LUFA/LUFA/Drivers/USB/Core/AVR8/EndpointStream_AVR8.o
                               0xf6c0 (size before relaxing)
 .debug_str     0x0001768f      0x270 src/LUFA/LUFA/Drivers/USB/Core/AVR8/Endpoint_AVR8.o
                               0xed63 (size before relaxing)
 .debug_str     0x000178ff      0x222 src/LUFA/LUFA/Drivers/USB/Core/AVR8/USBController_AVR8.o
                               0xecc3 (size before relaxing)
 .debug_str     0x00017b21      0x11a src/LUFA/LUFA/Drivers/USB/Core/AVR8/USBInterrupt_AVR8.o
                               0xec77 (size before relaxing)
 .debug_str     0x00017c3b      0x450 src/LUFA/LUFA/Drivers/USB/Core/DeviceStandardReq.o
                               0xf134 (size before relaxing)
 .debug_str     0x0001808b       0x53 src/LUFA/LUFA/Drivers/USB/Core/Events.o
                               0xdf05 (size before relaxing)
 .debug_str     0x000180de       0x7e src/LUFA/LUFA/Drivers/USB/Core/USBTask.o
                               0xeae2 (size before relaxing)

.debug_loc      0x00000000     0x5850
 *(.debug_loc)
 .debug_loc     0x00000000      0x2d3 Descriptors.o
 .debug_loc     0x000002d3     0x1ad2 Joystick.o
 .debug_loc     0x00001da5      0x478 src/LUFA/LUFA/Drivers/USB/Class/Device/HIDClassDevice.o
 .debug_loc     0x0000221d     0x2981 src/LUFA/LUFA/Drivers/USB/Core/AVR8/EndpointStream_AVR8.o
 .debug_loc     0x00004b9e      0x593 src/LUFA/LUFA/Drivers/USB/Core/AVR8/Endpoint_AVR8.o
 .debug_loc     0x00005131       0xd5 src/LUFA/LUFA/Drivers/USB/Core/AVR8/USBController_AVR8.o
 .debug_loc     0x00005206      0x2ab src/LUFA/LUFA/Drivers/USB/Core/AVR8/USBInterrupt_AVR8.o
 .debug_loc     0x000054b1      0x356 src/LUFA/LUFA/Drivers/USB/Core/DeviceStandardReq.o
 .debug_loc     0x00005807       0x49 src/LUFA/LUFA/Drivers/USB/Core/USBTask.o

.debug_macinfo
 *(.debug_macinfo)

.debug_weaknames
 *(.debug_weaknames)

.debug_funcnames
 *(.debug_funcnames)

.debug_typenames
 *(.debug_typenames)

.debug_varnames
 *(.debug_varnames)

.debug_pubtypes
 *(.debug_pubtypes)

.debug_ranges   0x00000000      0xc98
 *(.debug_ranges)
 .debug_ranges  0x00000000       0x10 Descriptors.o
 .debug_ranges  0x00000010       0xf8 Joystick.o
 .debug_ranges  0x00000108       0x20 src/LUFA/LUFA/Drivers/USB/Class/Device/HIDClassDevice.o
 .debug_ranges  0x00000128      0x928 src/LUFA/LUFA/Drivers/USB/Core/AVR8/EndpointStream_AVR8.o
 .debug_ranges  0x00000a50      0x190 src/LUFA/LUFA/Drivers/USB/Core/AVR8/Endpoint_AVR8.o
 .debug_ranges  0x00000be0       0x20 src/LUFA/LUFA/Drivers/USB/Core/AVR8/USBController_AVR8.o
 .debug_ranges  0x00000c00       0x20 src/LUFA/LUFA/Drivers/USB/Core/AVR8/USBInterrupt_AVR8.o
 .debug_ranges  0x00000c20       0x58 src/LUFA/LUFA/Drivers/USB/Core/DeviceStandardReq.o
 .debug_ranges  0x00000c78       0x10 src/LUFA/LUFA/Drivers/USB/Core/Events.o
 .debug_ranges  0x00000c88       0x10 src/LUFA/LUFA/Drivers/USB/Core/USBTask.o

.debug_macro    0x00000000     0x78cb
 *(.debug_macro)
 .debug_macro   0x00000000      0x439 Descriptors.o
 .debug_macro   0x00000439      0xa6c Descriptors.o
 .debug_macro   0x00000ea5       0x10 Descriptors.o
 .debug_macro   0x00000eb5      0x1c9 Descriptors.o
 .debug_macro   0x0000107e      0x2fc Descriptors.o
 .debug_macro   0x0000137a       0x89 Descriptors.o
 .debug_macro   0x00001403       0xaa Descriptors.o
 .debug_macro   0x000014ad     0x208b Descriptors.o
 .debug_macro   0x00003538      0x14f Descriptors.o
 .debug_macro   0x00003687       0xd9 Descriptors.o
 .debug_macro   0x00003760       0x34 Descriptors.o
 .debug_macro   0x00003794       0x18 Descriptors.o
 .debug_macro   0x000037ac       0x6c Descriptors.o
 .debug_macro   0x00003818      0x181 Descriptors.o
 .debug_macro   0x00003999       0x12 Descriptors.o
 .debug_macro   0x000039ab       0x10 Descriptors.o
 .debug_macro   0x000039bb       0x22 Descriptors.o
 .debug_macro   0x000039dd       0x16 Descriptors.o
 .debug_macro   0x000039f3       0x20 Descriptors.o
 .debug_macro   0x00003a13       0xf6 Descriptors.o
 .debug_macro   0x00003b09       0x22 Descriptors.o
 .debug_macro   0x00003b2b      0x1a7 Descriptors.o
 .debug_macro   0x00003cd2       0x2f Descriptors.o
 .debug_macro   0x00003d01       0x1c Descriptors.o
 .debug_macro   0x00003d1d       0x68 Descriptors.o
 .debug_macro   0x00003d85       0x28 Descriptors.o
 .debug_macro   0x00003dad       0x69 Descriptors.o
 .debug_macro   0x00003e16       0x33 Descriptors.o
 .debug_macro   0x00003e49      0x10c Descriptors.o
 .debug_macro   0x00003f55      0x160 Descriptors.o
 .debug_macro   0x000040b5      0x160 Descriptors.o
 .debug_macro   0x00004215       0x10 Descriptors.o
 .debug_macro   0x00004225       0x1c Descriptors.o
 .debug_macro   0x00004241       0x86 Descriptors.o
 .debug_macro   0x000042c7       0x3c Descriptors.o
 .debug_macro   0x00004303       0x19 Descriptors.o
 .debug_macro   0x0000431c       0x4d Descriptors.o
 .debug_macro   0x00004369       0x73 Descriptors.o
 .debug_macro   0x000043dc       0x16 Descriptors.o
 .debug_macro   0x000043f2       0x12 Descriptors.o
 .debug_macro   0x00004404       0x22 Descriptors.o
 .debug_macro   0x00004426       0x64 Descriptors.o
 .debug_macro   0x0000448a       0x41 Descriptors.o
 .debug_macro   0x000044cb       0x10 Descriptors.o
 .debug_macro   0x000044db       0x1c Descriptors.o
 .debug_macro   0x000044f7       0x16 Descriptors.o
 .debug_macro   0x0000450d       0x16 Descriptors.o
 .debug_macro   0x00004523      0x12c Descriptors.o
 .debug_macro   0x0000464f       0x16 Descriptors.o
 .debug_macro   0x00004665       0x46 Descriptors.o
 .debug_macro   0x000046ab       0x58 Descriptors.o
 .debug_macro   0x00004703       0x10 Descriptors.o
 .debug_macro   0x00004713       0x35 Descriptors.o
 .debug_macro   0x00004748       0xf2 Descriptors.o
 .debug_macro   0x0000483a       0x16 Descriptors.o
 .debug_macro   0x00004850      0x154 Descriptors.o
 .debug_macro   0x000049a4       0x2a Descriptors.o
 .debug_macro   0x000049ce      0x6ce Descriptors.o
 .debug_macro   0x0000509c       0x16 Descriptors.o
 .debug_macro   0x000050b2      0x132 Descriptors.o
 .debug_macro   0x000051e4       0x16 Descriptors.o
 .debug_macro   0x000051fa       0x10 Descriptors.o
 .debug_macro   0x0000520a       0x6c Descriptors.o
 .debug_macro   0x00005276       0x16 Descriptors.o
 .debug_macro   0x0000528c       0x1c Descriptors.o
 .debug_macro   0x000052a8       0x16 Descriptors.o
 .debug_macro   0x000052be       0x10 Descriptors.o
 .debug_macro   0x000052ce      0x1be Descriptors.o
 .debug_macro   0x0000548c       0x16 Descriptors.o
 .debug_macro   0x000054a2       0x10 Descriptors.o
 .debug_macro   0x000054b2      0x4aa Joystick.o
 .debug_macro   0x0000595c       0x10 Joystick.o
 .debug_macro   0x0000596c       0x9e Joystick.o
 .debug_macro   0x00005a0a       0x68 Joystick.o
 .debug_macro   0x00005a72       0xb9 Joystick.o
 .debug_macro   0x00005b2b       0x97 Joystick.o
 .debug_macro   0x00005bc2       0x16 Joystick.o
 .debug_macro   0x00005bd8       0x12 Joystick.o
 .debug_macro   0x00005bea      0x175 Joystick.o
 .debug_macro   0x00005d5f       0x10 Joystick.o
 .debug_macro   0x00005d6f       0xa0 Joystick.o
 .debug_macro   0x00005e0f       0xd6 Joystick.o
 .debug_macro   0x00005ee5       0x3c Joystick.o
 .debug_macro   0x00005f21       0x3a Joystick.o
 .debug_macro   0x00005f5b       0x16 Joystick.o
 .debug_macro   0x00005f71      0x446 src/LUFA/LUFA/Drivers/USB/Class/Device/HIDClassDevice.o
 .debug_macro   0x000063b7      0x60e src/LUFA/LUFA/Drivers/USB/Core/AVR8/EndpointStream_AVR8.o
 .debug_macro   0x000069c5       0x28 src/LUFA/LUFA/Drivers/USB/Core/AVR8/EndpointStream_AVR8.o
 .debug_macro   0x000069ed       0x1c src/LUFA/LUFA/Drivers/USB/Core/AVR8/EndpointStream_AVR8.o
 .debug_macro   0x00006a09       0x1c src/LUFA/LUFA/Drivers/USB/Core/AVR8/EndpointStream_AVR8.o
 .debug_macro   0x00006a25      0x2a5 src/LUFA/LUFA/Drivers/USB/Core/AVR8/Endpoint_AVR8.o
 .debug_macro   0x00006cca       0x10 src/LUFA/LUFA/Drivers/USB/Core/AVR8/Endpoint_AVR8.o
 .debug_macro   0x00006cda      0x277 src/LUFA/LUFA/Drivers/USB/Core/AVR8/USBController_AVR8.o
 .debug_macro   0x00006f51       0x79 src/LUFA/LUFA/Drivers/USB/Core/AVR8/USBController_AVR8.o
 .debug_macro   0x00006fca      0x27f src/LUFA/LUFA/Drivers/USB/Core/AVR8/USBInterrupt_AVR8.o
 .debug_macro   0x00007249      0x27d src/LUFA/LUFA/Drivers/USB/Core/DeviceStandardReq.o
 .debug_macro   0x000074c6      0x182 src/LUFA/LUFA/Drivers/USB/Core/Events.o
 .debug_macro   0x00007648      0x283 src/LUFA/LUFA/Drivers/USB/Core/USBTask.o
OUTPUT(DreamcastJoystickHID.elf elf32-avr)
LOAD linker stubs
